[row 61] database compilation_success=True
[row 62] Pc=9e6ed4b8de9b target=drivers/staging/usbip/stub_dev.o config=allyesconfig vars={'HOSTCC': 'gcc-4.7', 'CC': 'gcc-4.7'}
[row 62] PASS: patched object compiled
[row 62] database compilation_success=True
[row 63] Pc=067bc5f5a014 target=drivers/net/wireless/b43/leds.o config=allyesconfig vars={'HOSTCC': 'gcc-4.7', 'CC': 'gcc-4.7'}
[row 63] PASS: patched object compiled
[row 63] database compilation_success=True
[row 64] Pc=88a490906cd6 target=kernel/posix-cpu-timers.o config=allyesconfig vars={'HOSTCC': 'gcc-4.7', 'CC': 'gcc-4.7'}
[row 64] PASS: patched object compiled
[row 64] database compilation_success=True
[row 66] Pc=f730db608b65 target=drivers/staging/media/pulse8-cec/pulse8-cec.o config=allyesconfig vars={'HOSTCC': 'gcc-4.7', 'CC': 'gcc-4.7'}
[row 66] PASS: patched object compiled
[row 66] database compilation_success=True
[row 67] Pc=f1b5bdd410f8 target=drivers/net/wireless/realtek/rtl8xxxu/rtl8xxxu.o config=allyesconfig vars={'HOSTCC': 'gcc-4.7', 'CC': 'gcc-4.7'}
[row 67] PASS: patched object compiled
[row 67] database compilation_success=True
[row 68] Pc=8391d8964e60 target=drivers/staging/iio/accel/kxsd9.o config=allyesconfig vars={'HOSTCC': 'gcc-4.7', 'CC': 'gcc-4.7'}
[row 68] PASS: patched object compiled
[row 68] database compilation_success=True
[row 69] Pc=12c3680a16b7 target=drivers/video/fb_defio.o config=allyesconfig vars={'HOSTCC': 'gcc-4.7', 'CC': 'gcc-4.7'}
[row 69] PASS: patched object compiled
[row 69] database compilation_success=True
[row 71] Pc=b61fc97ca5d5 target=drivers/pci/host/pcie-xilinx-nwl.o config=allyesconfig vars={'HOSTCC': 'gcc-4.7', 'CC': 'gcc-4.7'}
[row 71] PASS: patched object compiled
[row 71] database compilation_success=True
[row 74] Pc=d9a675287ed4 target=drivers/char/tpm/tpm.o config=allyesconfig vars={'HOSTCC': 'gcc-4.7', 'CC': 'gcc-4.7'}
[row 74] PASS: patched object compiled
[row 74] database compilation_success=True
[row 77] Pc=9e70dd43a078 target=drivers/iio/kfifo_buf.o config=allyesconfig vars={'HOSTCC': 'gcc-4.7', 'CC': 'gcc-4.7'}
[row 77] PASS: patched object compiled
[row 77] database compilation_success=True
[row 78] Pc=b0b28dc25ad5 target=drivers/net/wireless/airo.o config=allyesconfig vars={'HOSTCC': 'gcc-4.7', 'CC': 'gcc-4.7'}
[row 78] PASS: patched object compiled
[row 78] database compilation_success=True
[row 79] Pc=e431c00b52af target=drivers/net/wireless/mwifiex/cfg80211.o config=allyesconfig vars={'HOSTCC': 'gcc-4.7', 'CC': 'gcc-4.7'}
[row 79] PASS: patched object compiled
[row 79] database compilation_success=True
[row 80] Pc=7851cea48abc target=drivers/pci/host/pci-ftpci100.o config=allyesconfig vars={'HOSTCC': 'gcc-4.7', 'CC': 'gcc-4.7'}
[row 80] PASS: patched object compiled
[row 80] database compilation_success=True
[row 83] Pc=b311adfd117f target=drivers/net/wireless/rtlwifi/rtl8821ae/hw.o config=allyesconfig vars={'HOSTCC': 'gcc-4.7', 'CC': 'gcc-4.7'}
[row 83] PASS: patched object compiled
[row 83] database compilation_success=True
[row 84] Pc=c4bfed85bae8 target=drivers/mtd/nand/denali_dt.o config=allyesconfig vars={'HOSTCC': 'gcc-4.7', 'CC': 'gcc-4.7'}
[row 84] PASS: patched object compiled
[row 84] database compilation_success=True
[row 85] Pc=6ab3f7e0dca0 target=drivers/pci/host/pcie-mediatek.o config=allyesconfig vars={'HOSTCC': 'gcc-4.7', 'CC': 'gcc-4.7'}
[row 85] PASS: patched object compiled
[row 85] database compilation_success=True
[row 87] Pc=031e96b6ffde target=arch/x86/kernel/cpu/perf_event_intel_uncore.o config=allyesconfig vars={'HOSTCC': 'gcc-4.7', 'CC': 'gcc-4.7'}
[row 87] PASS: patched object compiled
[row 87] database compilation_success=True
[row 88] Pc=11043ae6a9e5 target=kernel/hrtimer.o config=allyesconfig vars={'HOSTCC': 'gcc-4.7', 'CC': 'gcc-4.7'}
[row 88] PASS: patched object compiled
[row 88] database compilation_success=True
[row 89] Pc=13006b429b43 target=fs/nfs/idmap.o config=allyesconfig vars={'HOSTCC': 'gcc-4.7', 'CC': 'gcc-4.7'}
[row 89] PASS: patched object compiled
[row 89] database compilation_success=True
[row 90] Pc=77e7f91231bf target=drivers/staging/usbip/stub_main.o config=allyesconfig vars={'HOSTCC': 'gcc-4.7', 'CC': 'gcc-4.7'}
[row 90] PASS: patched object compiled
[row 90] database compilation_success=True
[row 91] Pc=65e38566ae26 target=fs/ncpfs/ncplib_kernel.o config=allyesconfig vars={'HOSTCC': 'gcc-4.7', 'CC': 'gcc-4.7'}
[row 91] PASS: patched object compiled
[row 91] database compilation_success=True
[row 92] Pc=8c871bdbd02f target=net/bridge/br_netfilter.o config=allyesconfig vars={'HOSTCC': 'gcc-4.7', 'CC': 'gcc-4.7'}
[row 92] PASS: patched object compiled
[row 92] database compilation_success=True
[row 94] Pc=75af3d78168e target=net/netfilter/xt_connlimit.o config=allyesconfig vars={'HOSTCC': 'gcc-4.7', 'CC': 'gcc-4.7'}
[row 94] PASS: patched object compiled
[row 94] database compilation_success=True
[row 95] Pc=bae102ee0220 target=drivers/net/wireless/b43legacy/leds.o config=allyesconfig vars={'HOSTCC': 'gcc-4.7', 'CC': 'gcc-4.7'}
[row 95] PASS: patched object compiled
[row 95] database compilation_success=True
[row 96] Pc=739f44a8a3f2 target=drivers/net/wireless/libertas/if_sdio.o config=allyesconfig vars={'HOSTCC': 'gcc-4.7', 'CC': 'gcc-4.7'}
[row 96] PASS: patched object compiled
[row 96] database compilation_success=True
[row 97] Pc=79e43709edf3 target=drivers/pinctrl/pinctrl-imx.o config=allyesconfig vars={'HOSTCC': 'gcc-4.7', 'CC': 'gcc-4.7'}
[row 97] PASS: patched object compiled
[row 97] database compilation_success=True
[row 98] Pc=624371512409 target=drivers/usb/gadget/u_serial.o config=allyesconfig vars={'HOSTCC': 'gcc-4.7', 'CC': 'gcc-4.7'}
[row 98] PASS: patched object compiled
[row 98] database compilation_success=True
[row 99] Pc=39b01edc01d0 target=drivers/usb/gadget/mv_udc_core.o config=allyesconfig vars={'HOSTCC': 'gcc-4.7', 'CC': 'gcc-4.7'}
[row 99] PASS: patched object compiled
[row 99] database compilation_success=True
[row 101] Pc=b88a5dd150a5 target=drivers/usb/typec/tcpm.o config=allyesconfig vars={'HOSTCC': 'gcc-4.7', 'CC': 'gcc-4.7'}
[row 101] PASS: patched object compiled
[row 101] database compilation_success=True
[row 103] Pc=8069deca8771 target=drivers/media/video/usbvision/usbvision-video.o config=allyesconfig vars={'HOSTCC': 'gcc-4.7', 'CC': 'gcc-4.7'}
[row 103] PASS: patched object compiled
[row 103] database compilation_success=True
[row 104] Pc=b280f9ec9184 target=drivers/usb/host/isp1760-hcd.o config=allyesconfig vars={'HOSTCC': 'gcc-4.7', 'CC': 'gcc-4.7'}
[row 104] PASS: patched object compiled
[row 104] database compilation_success=True
[row 105] Pc=be6a161e1302 target=drivers/net/ethernet/hisilicon/hns3/hns3pf/hns3_enet.o config=allyesconfig vars={'HOSTCC': 'gcc-4.7', 'CC': 'gcc-4.7'}
[row 105] PASS: patched object compiled
[row 105] database compilation_success=True
[row 106] Pc=824c2230ed7a target=drivers/net/wireless/brcm80211/brcmsmac/dma.o config=allyesconfig vars={'HOSTCC': 'gcc-4.7', 'CC': 'gcc-4.7'}
[row 106] PASS: patched object compiled
[row 106] database compilation_success=True
[row 107] Pc=649594a678c2 target=drivers/mtd/nand/atmel/nand-controller.o config=allyesconfig vars={'HOSTCC': 'gcc-4.7', 'CC': 'gcc-4.7'}
[row 107] PASS: patched object compiled
[row 107] database compilation_success=True
[row 108] Pc=1b9537d72610 target=arch/x86/kernel/cpu/perf_event.o config=allyesconfig vars={'HOSTCC': 'gcc-4.7', 'CC': 'gcc-4.7'}
[row 108] PASS: patched object compiled
[row 108] database compilation_success=True
[row 109] Pc=058fbb1d2ef9 target=kernel/hrtimer.o config=allyesconfig vars={'HOSTCC': 'gcc-4.7', 'CC': 'gcc-4.7'}
[row 109] PASS: patched object compiled
[row 109] database compilation_success=True
[row 110] Pc=b83f73aa7608 target=drivers/media/v4l2-core/videobuf2-v4l2.o config=allyesconfig vars={'HOSTCC': 'gcc-4.7', 'CC': 'gcc-4.7'}
[row 110] PASS: patched object compiled
[row 110] database compilation_success=True
[row 111] Pc=fb0a96829d37 target=drivers/usb/gadget/m66592-udc.o config=allyesconfig vars={'HOSTCC': 'gcc-4.7', 'CC': 'gcc-4.7'}
[row 111] PASS: patched object compiled
[row 111] database compilation_success=True
[row 113] Pc=88b3e1f4feb2 target=drivers/net/wireless/libertas/if_usb.o config=allyesconfig vars={'HOSTCC': 'gcc-4.7', 'CC': 'gcc-4.7'}
[row 113] PASS: patched object compiled
[row 113] database compilation_success=True
[row 115] Pc=8f5b7e3f415c target=drivers/acpi/nfit.o config=allyesconfig vars={'HOSTCC': 'gcc-4.7', 'CC': 'gcc-4.7'}
[row 115] PASS: patched object compiled
[row 115] database compilation_success=True
[row 118] Pc=dbbb3062dd53 target=drivers/char/tpm/tpm_tis.o config=allyesconfig vars={'HOSTCC': 'gcc-4.7', 'CC': 'gcc-4.7'}
[row 118] PASS: patched object compiled
[row 118] database compilation_success=True
[row 120] Pc=de57bad7f7a9 target=drivers/usb/gadget/u_ether.o config=allyesconfig vars={'HOSTCC': 'gcc-4.7', 'CC': 'gcc-4.7'}
[row 120] FAIL: patched object did not compile
make[2]: Nothing to be done for `all'.
  GEN     /home/ubuntu/.cache/mystique-compile-check/build/Makefile
  CHK     include/generated/uapi/linux/version.h
  CHK     include/generated/utsrelease.h
  CC      scripts/mod/devicetable-offsets.s
  GEN     scripts/mod/devicetable-offsets.h
  HOSTCC  scripts/mod/file2alias.o
  HOSTLD  scripts/mod/modpost
make[2]: Nothing to be done for `relocs'.
  Using /home/ubuntu/.cache/mystique-compile-check/worktree as source for kernel
  CALL    /home/ubuntu/.cache/mystique-compile-check/worktree/scripts/checksyscalls.sh
  CC      drivers/usb/gadget/u_ether.o

/home/ubuntu/.cache/mystique-compile-check/worktree/drivers/usb/gadget/u_ether.c: In function 'eth_start_xmit':
/home/ubuntu/.cache/mystique-compile-check/worktree/drivers/usb/gadget/u_ether.c:555:179: error: 'struct eth_dev' has no member named 'qmult'
make[2]: *** [drivers/usb/gadget/u_ether.o] Error 1
make[1]: *** [drivers/usb/gadget/u_ether.o] Error 2
make: *** [sub-make] Error 2
[row 120] database compilation_success=False
[row 123] Pc=21c7e5a39da0 target=drivers/net/wireless/p54/fwio.o config=allyesconfig vars={'HOSTCC': 'gcc-4.7', 'CC': 'gcc-4.7'}
[row 123] PASS: patched object compiled
[row 123] database compilation_success=True
[row 124] Pc=006469cfaa90 target=drivers/mtd/nand/sunxi_nand.o config=allyesconfig vars={'HOSTCC': 'gcc-4.7', 'CC': 'gcc-4.7'}
[row 124] PASS: patched object compiled
[row 124] database compilation_success=True
[row 128] Pc=0d1c8d590b7f target=drivers/staging/dwc2/hcd.o config=allyesconfig vars={'HOSTCC': 'gcc-4.7', 'CC': 'gcc-4.7'}
[row 128] PASS: patched object compiled
[row 128] database compilation_success=True
[row 131] Pc=72d8a061cbfb target=drivers/gpu/drm/drm_fops.o config=allyesconfig vars={'HOSTCC': 'gcc-4.7', 'CC': 'gcc-4.7'}
[row 131] PASS: patched object compiled
[row 131] database compilation_success=True
[row 132] Pc=e348885bd406 target=drivers/ntb/hw/intel/ntb_hw_intel.o config=allyesconfig vars={'HOSTCC': 'gcc-4.7', 'CC': 'gcc-4.7'}
[row 132] PASS: patched object compiled
[row 132] database compilation_success=True
[row 134] Pc=2d7a0bb8c3a8 target=drivers/staging/iio/accel/kxsd9.o config=allyesconfig vars={'HOSTCC': 'gcc-4.7', 'CC': 'gcc-4.7'}
[row 134] PASS: patched object compiled
[row 134] database compilation_success=True
[row 135] Pc=c7bc21ab5636 target=fs/partitions/check.o config=allyesconfig vars={'HOSTCC': 'gcc-4.7', 'CC': 'gcc-4.7'}
[row 135] PASS: patched object compiled
[row 135] database compilation_success=True
[row 136] Pc=6f8688bf299b target=drivers/net/ethernet/hisilicon/hns3/hns3pf/hns3_enet.o config=allyesconfig vars={'HOSTCC': 'gcc-4.7', 'CC': 'gcc-4.7'}
[row 136] PASS: patched object compiled
[row 136] database compilation_success=True
[row 138] Pc=f9f71f3a1e4f target=drivers/media/video/em28xx/em28xx-audio.o config=allyesconfig vars={'HOSTCC': 'gcc-4.7', 'CC': 'gcc-4.7'}
[row 138] PASS: patched object compiled
[row 138] database compilation_success=True
[row 139] Pc=657f4204b23c target=drivers/power/twl4030_charger.o config=allyesconfig vars={'HOSTCC': 'gcc-4.7', 'CC': 'gcc-4.7'}
[row 139] PASS: patched object compiled
[row 139] database compilation_success=True
[row 141] Pc=84a0a2ec9f7f target=drivers/power/isp1704_charger.o config=allyesconfig vars={'HOSTCC': 'gcc-4.7', 'CC': 'gcc-4.7'}
[row 141] PASS: patched object compiled
[row 141] database compilation_success=True
[row 142] Pc=9eb0e01be831 target=fs/ioprio.o config=allyesconfig vars={'HOSTCC': 'gcc-4.7', 'CC': 'gcc-4.7'}
[row 142] PASS: patched object compiled
[row 142] database compilation_success=True
[row 143] Pc=36b0779e9e28 target=drivers/pci/host/pcie-xilinx.o config=allyesconfig vars={'HOSTCC': 'gcc-4.7', 'CC': 'gcc-4.7'}
[row 143] PASS: patched object compiled
[row 143] database compilation_success=True
[row 144] Pc=9769c00cdd3c target=drivers/media/dvb/frontends/ds3000.o config=allyesconfig vars={'HOSTCC': 'gcc-4.7', 'CC': 'gcc-4.7'}
[row 144] PASS: patched object compiled
[row 144] database compilation_success=True
[row 145] Pc=dc7933209440 target=drivers/net/wireless/b43/phy_common.o config=allyesconfig vars={'HOSTCC': 'gcc-4.7', 'CC': 'gcc-4.7'}
[row 145] PASS: patched object compiled
[row 145] database compilation_success=True
[row 148] Pc=b53261198957 target=drivers/media/v4l2-core/videobuf2-core.o config=allyesconfig vars={'HOSTCC': 'gcc-4.7', 'CC': 'gcc-4.7'}
[row 148] PASS: patched object compiled
[row 148] database compilation_success=True
[row 151] Pc=8d3decb7d93e target=drivers/tty/tty_ioctl.o config=allyesconfig vars={'HOSTCC': 'gcc-4.7', 'CC': 'gcc-4.7'}
[row 151] PASS: patched object compiled
[row 151] database compilation_success=True
[row 152] Pc=93b8f4a2302b target=drivers/net/ethernet/hisilicon/hns3/hns3pf/hns3_enet.o config=allyesconfig vars={'HOSTCC': 'gcc-4.7', 'CC': 'gcc-4.7'}
[row 152] PASS: patched object compiled
[row 152] database compilation_success=True
[row 155] Pc=e4a5a335105a target=drivers/net/wireless/iwlwifi/dvm/lib.o config=allyesconfig vars={'HOSTCC': 'gcc-4.7', 'CC': 'gcc-4.7'}
[row 155] PASS: patched object compiled
[row 155] database compilation_success=True
[row 157] Pc=9ade62c27d3d target=drivers/staging/media/cec/cec-adap.o config=allyesconfig vars={'HOSTCC': 'gcc-4.7', 'CC': 'gcc-4.7'}
[row 157] FAIL: patched object did not compile
make[1]: Entering directory `/home/ubuntu/.cache/mystique-compile-check/build'
  CHK     include/config/kernel.release
  GEN     ./Makefile
  CHK     include/generated/uapi/linux/version.h
  DESCEND  objtool
  Using /home/ubuntu/.cache/mystique-compile-check/worktree as source for kernel
  CHK     include/generated/utsrelease.h
  CHK     include/generated/timeconst.h
  CHK     include/generated/bounds.h
  CHK     include/generated/asm-offsets.h
  CALL    /home/ubuntu/.cache/mystique-compile-check/worktree/scripts/checksyscalls.sh
  CC      drivers/staging/media/cec/cec-adap.o
make[1]: Leaving directory `/home/ubuntu/.cache/mystique-compile-check/build'

/home/ubuntu/.cache/mystique-compile-check/worktree/drivers/staging/media/cec/cec-adap.c: In function 'cec_receive_notify':
/home/ubuntu/.cache/mystique-compile-check/worktree/drivers/staging/media/cec/cec-adap.c:1522:36: error: 'CEC_MSG_FL_REPLY_TO_FOLLOWERS' undeclared (first use in this function)
/home/ubuntu/.cache/mystique-compile-check/worktree/drivers/staging/media/cec/cec-adap.c:1522:36: note: each undeclared identifier is reported only once for each function it appears in
make[2]: *** [drivers/staging/media/cec/cec-adap.o] Error 1
make[1]: *** [drivers/staging/media/cec/cec-adap.o] Error 2
make: *** [sub-make] Error 2
[row 157] database compilation_success=False
[row 159] Pc=b699efa9426d target=drivers/usb/gadget/f_fs.o config=allyesconfig vars={'HOSTCC': 'gcc-4.7', 'CC': 'gcc-4.7'}
[row 159] PASS: patched object compiled
[row 159] database compilation_success=True
[row 160] Pc=ecc8fadef567 target=drivers/net/wireless/mwifiex/sta_ioctl.o config=allyesconfig vars={'HOSTCC': 'gcc-4.7', 'CC': 'gcc-4.7'}
[row 160] PASS: patched object compiled
[row 160] database compilation_success=True
[row 161] Pc=5020843db320 target=drivers/net/wireless/mwifiex/sta_ioctl.o config=allyesconfig vars={'HOSTCC': 'gcc-4.7', 'CC': 'gcc-4.7'}
[row 161] PASS: patched object compiled
[row 161] database compilation_success=True
[row 166] Pc=c9ccd18aeaf0 target=drivers/usb/phy/phy-twl4030-usb.o config=allyesconfig vars={'HOSTCC': 'gcc-4.7', 'CC': 'gcc-4.7'}
[row 166] PASS: patched object compiled
[row 166] database compilation_success=True
[row 167] Pc=34680f6e90e3 target=drivers/net/wireless/rtlwifi/rtl8192ce/sw.o config=allyesconfig vars={'HOSTCC': 'gcc-4.7', 'CC': 'gcc-4.7'}
[row 167] PASS: patched object compiled
[row 167] database compilation_success=True
[row 168] Pc=acb9ef02c3b0 target=drivers/misc/mei/nfc.o config=allyesconfig vars={'HOSTCC': 'gcc-4.7', 'CC': 'gcc-4.7'}
[row 168] PASS: patched object compiled
[row 168] database compilation_success=True
[row 170] Pc=9f6d6fb580c0 target=drivers/media/v4l2-core/videobuf2-core.o config=allyesconfig vars={'HOSTCC': 'gcc-4.7', 'CC': 'gcc-4.7'}
[row 170] PASS: patched object compiled
[row 170] database compilation_success=True
[row 172] Pc=a5a7f1e5ea01 target=drivers/net/wireless/mwifiex/join.o config=allyesconfig vars={'HOSTCC': 'gcc-4.7', 'CC': 'gcc-4.7'}
[row 172] PASS: patched object compiled
[row 172] database compilation_success=True
[row 173] Pc=d44d5d39426a target=drivers/net/wireless/rtlwifi/pci.o config=allyesconfig vars={'HOSTCC': 'gcc-4.7', 'CC': 'gcc-4.7'}
[row 173] PASS: patched object compiled
[row 173] database compilation_success=True
[row 177] Pc=4d9707586ec7 target=drivers/remoteproc/qcom_q6v5_pil.o config=allyesconfig vars={'HOSTCC': 'gcc-4.7', 'CC': 'gcc-4.7'}
[row 177] PASS: patched object compiled
[row 177] database compilation_success=True
[row 180] Pc=17743861edc7 target=drivers/media/platform/vicodec/vicodec-codec.o config=allyesconfig vars={'HOSTCC': 'gcc-4.7', 'CC': 'gcc-4.7'}
[row 180] PASS: patched object compiled
[row 180] database compilation_success=True
[row 181] Pc=d7f1d486a06d target=drivers/power/ab8500_charger.o config=allyesconfig vars={'HOSTCC': 'gcc-4.7', 'CC': 'gcc-4.7'}
[row 181] PASS: patched object compiled
[row 181] database compilation_success=True
[row 182] Pc=14945e0c7ba2 target=drivers/usb/gadget/udc-core.o config=allyesconfig vars={'HOSTCC': 'gcc-4.7', 'CC': 'gcc-4.7'}
[row 182] PASS: patched object compiled
[row 182] database compilation_success=True
[row 184] Pc=896b00bd9c66 target=drivers/staging/usbip/stub_main.o config=allyesconfig vars={'HOSTCC': 'gcc-4.7', 'CC': 'gcc-4.7'}
[row 184] PASS: patched object compiled
[row 184] database compilation_success=True
[row 186] Pc=e380f318e63d target=drivers/pci/dwc/pci-layerscape.o config=allyesconfig vars={'HOSTCC': 'gcc-4.7', 'CC': 'gcc-4.7'}
[row 186] PASS: patched object compiled
[row 186] database compilation_success=True
[row 188] Pc=89c165ce0791 target=drivers/staging/vme/bridges/vme_ca91cx42.o config=allyesconfig vars={'HOSTCC': 'gcc-4.7', 'CC': 'gcc-4.7'}
[row 188] PASS: patched object compiled
[row 188] database compilation_success=True
[row 189] Pc=5dd3239f6b7c target=drivers/usb/gadget/udc-core.o config=allyesconfig vars={'HOSTCC': 'gcc-4.7', 'CC': 'gcc-4.7'}
[row 189] PASS: patched object compiled
[row 189] database compilation_success=True
[row 190] Pc=e0ec55a69450 target=drivers/video/udlfb.o config=allyesconfig vars={'HOSTCC': 'gcc-4.7', 'CC': 'gcc-4.7'}
[row 190] PASS: patched object compiled
[row 190] database compilation_success=True
[row 192] Pc=135e5d48d534 target=drivers/net/wireless/zd1211rw/zd_usb.o config=allyesconfig vars={'HOSTCC': 'gcc-4.7', 'CC': 'gcc-4.7'}
[row 192] PASS: patched object compiled
[row 192] database compilation_success=True
[row 193] Pc=52a5924326b5 target=drivers/gpu/drm/panel/panel-s6e8aa0.o config=allyesconfig vars={'HOSTCC': 'gcc-4.7', 'CC': 'gcc-4.7'}
[row 193] PASS: patched object compiled
[row 193] database compilation_success=True
[row 194] Pc=d32367d37aab target=drivers/usb/gadget/f_acm.o config=allyesconfig vars={'HOSTCC': 'gcc-4.7', 'CC': 'gcc-4.7'}
[row 194] PASS: patched object compiled
[row 194] database compilation_success=True
[row 196] Pc=0bae003f1e64 target=drivers/net/wireless/rtlwifi/pci.o config=allyesconfig vars={'HOSTCC': 'gcc-4.7', 'CC': 'gcc-4.7'}
[row 196] PASS: patched object compiled
[row 196] database compilation_success=True
[row 197] Pc=0954c87c16ba target=fs/nfs/nfs4filelayoutdev.o config=allyesconfig vars={'HOSTCC': 'gcc-4.7', 'CC': 'gcc-4.7'}
[row 197] PASS: patched object compiled
[row 197] database compilation_success=True
[row 202] Pc=a461ae004649 target=arch/x86/kernel/cpu/perf_event_intel_uncore_nhmex.o config=allyesconfig vars={'HOSTCC': 'gcc-4.7', 'CC': 'gcc-4.7'}
[row 202] PASS: patched object compiled
[row 202] database compilation_success=True
[row 203] Pc=ee10dcb0d521 target=drivers/pci/host/vmd.o config=allyesconfig vars={'HOSTCC': 'gcc-4.7', 'CC': 'gcc-4.7'}
[row 203] PASS: patched object compiled
[row 203] database compilation_success=True
[row 204] Pc=b11e68ac5c25 target=drivers/media/v4l2-core/videobuf2-core.o config=allyesconfig vars={'HOSTCC': 'gcc-4.7', 'CC': 'gcc-4.7'}
[row 204] PASS: patched object compiled
[row 204] database compilation_success=True
[row 205] Pc=42a0e17be3a9 target=drivers/power/bq24190_charger.o config=allyesconfig vars={'HOSTCC': 'gcc-4.7', 'CC': 'gcc-4.7'}
[row 205] PASS: patched object compiled
[row 205] database compilation_success=True
[row 206] Pc=95ce46919f51 target=drivers/mtd/nand/sh_flctl.o config=allyesconfig vars={'HOSTCC': 'gcc-4.7', 'CC': 'gcc-4.7'}
[row 206] PASS: patched object compiled
[row 206] database compilation_success=True
[row 209] Pc=c5923c011cd5 target=net/ipv6/af_inet6.o config=allyesconfig vars={'HOSTCC': 'gcc-4.7', 'CC': 'gcc-4.7'}
[row 209] PASS: patched object compiled
[row 209] database compilation_success=True
[row 214] Pc=228dae652188 target=drivers/usb/gadget/printer.o config=allyesconfig vars={'HOSTCC': 'gcc-4.7', 'CC': 'gcc-4.7'}
[row 214] PASS: patched object compiled
[row 214] database compilation_success=True
[row 215] Pc=9fefd2252c8e target=drivers/net/wireless/iwlwifi/mvm/mac80211.o config=allyesconfig vars={'HOSTCC': 'gcc-4.7', 'CC': 'gcc-4.7'}
[row 215] PASS: patched object compiled
[row 215] database compilation_success=True
[row 218] Pc=6c75d139608a target=crypto/crypto_user.o config=allyesconfig vars={'HOSTCC': 'gcc-4.7', 'CC': 'gcc-4.7'}
[row 218] PASS: patched object compiled
[row 218] database compilation_success=True
[row 219] Pc=ffbce80bcb9d target=drivers/net/wireless/brcm80211/brcmsmac/stf.o config=allyesconfig vars={'HOSTCC': 'gcc-4.7', 'CC': 'gcc-4.7'}
[row 219] PASS: patched object compiled
[row 219] database compilation_success=True
[row 223] Pc=9fea93e6f0ff target=drivers/net/wireless/iwlwifi/mvm/tx.o config=allyesconfig vars={'HOSTCC': 'gcc-4.7', 'CC': 'gcc-4.7'}
[row 223] PASS: patched object compiled
[row 223] database compilation_success=True
[row 224] Pc=5a9f69b2c11b target=drivers/i2c/busses/i2c-designware-core.o config=allyesconfig vars={'HOSTCC': 'gcc-4.7', 'CC': 'gcc-4.7'}
[row 224] PASS: patched object compiled
[row 224] database compilation_success=True
[row 225] Pc=bd8dfdcc2249 target=drivers/mtd/nand/atmel/nand-controller.o config=allyesconfig vars={'HOSTCC': 'gcc-4.7', 'CC': 'gcc-4.7'}
[row 225] PASS: patched object compiled
[row 225] database compilation_success=True
[row 226] Pc=37a48e6d83f5 target=drivers/dma/zx296702_dma.o config=allyesconfig vars={'HOSTCC': 'gcc-4.7', 'CC': 'gcc-4.7'}
[row 226] PASS: patched object compiled
[row 226] database compilation_success=True
[row 229] Pc=522ac5232ad7 target=kernel/sched/core.o config=allyesconfig vars={'HOSTCC': 'gcc-4.7', 'CC': 'gcc-4.7'}
[row 229] PASS: patched object compiled
[row 229] database compilation_success=True
[row 231] Pc=71944eb54288 target=drivers/net/ethernet/broadcom/genet/bcmmii.o config=allyesconfig vars={'HOSTCC': 'gcc-4.7', 'CC': 'gcc-4.7'}
[row 231] PASS: patched object compiled
[row 231] database compilation_success=True
[row 232] Pc=f374505b7910 target=fs/crypto/keyinfo.o config=allyesconfig vars={'HOSTCC': 'gcc-4.7', 'CC': 'gcc-4.7'}
[row 232] PASS: patched object compiled
[row 232] database compilation_success=True
[row 233] Pc=39bdb32876df target=drivers/gpu/drm/amd/amdgpu/gmc_v8_0.o config=allyesconfig vars={'HOSTCC': 'gcc-4.7', 'CC': 'gcc-4.7'}
[row 233] INCONCLUSIVE: unpatched baseline target did not compile; result is inconclusive:
make[1]: Entering directory `/home/ubuntu/.cache/mystique-compile-check/build'
make[1]: Leaving directory `/home/ubuntu/.cache/mystique-compile-check/build'

arch/x86/Makefile:227: *** You are building kernel with non-retpoline compiler, please update your compiler..  Stop.
make: *** [sub-make] Error 2
[row 234] Pc=a0ebefb70b2a target=drivers/usb/serial/ti_usb_3410_5052.o config=allyesconfig vars={'HOSTCC': 'gcc-4.7', 'CC': 'gcc-4.7'}
[row 234] PASS: patched object compiled
[row 234] database compilation_success=True
[row 235] Pc=387994988d9d target=drivers/crypto/ccp/ccp-dmaengine.o config=allyesconfig vars={'HOSTCC': 'gcc-4.7', 'CC': 'gcc-4.7'}
[row 235] PASS: patched object compiled
[row 235] database compilation_success=True
[row 236] Pc=4c9701fd4324 target=drivers/pinctrl/qcom/pinctrl-msm.o config=allyesconfig vars={'HOSTCC': 'gcc-4.7', 'CC': 'gcc-4.7'}
[row 236] PASS: patched object compiled
[row 236] database compilation_success=True
[row 237] Pc=f61c0cf74359 target=net/mac80211/mesh.o config=allyesconfig vars={'HOSTCC': 'gcc-4.7', 'CC': 'gcc-4.7'}
[row 237] FAIL: patched object did not compile
make[1]: Entering directory `/home/ubuntu/.cache/mystique-compile-check/build'
  CHK     include/config/kernel.release
  GEN     ./Makefile
  CHK     include/generated/uapi/linux/version.h
  Using /home/ubuntu/.cache/mystique-compile-check/worktree as source for kernel
  CHK     include/generated/utsrelease.h
  CALL    /home/ubuntu/.cache/mystique-compile-check/worktree/scripts/checksyscalls.sh
  CC      net/mac80211/mesh.o

/home/ubuntu/.cache/mystique-compile-check/worktree/net/mac80211/mesh.c: In function 'mesh_sta_cleanup':
/home/ubuntu/.cache/mystique-compile-check/worktree/net/mac80211/mesh.c:151:38: error: 'struct sta_info' has no member named 'mesh'
make[2]: *** [net/mac80211/mesh.o] Error 1
make[1]: *** [net/mac80211/mesh.o] Error 2
make: *** [sub-make] Error 2
[row 237] database compilation_success=False
[row 238] Pc=e4fa01001270 target=drivers/usb/class/cdc-acm.o config=allyesconfig vars={'HOSTCC': 'gcc-4.7', 'CC': 'gcc-4.7'}
[row 238] PASS: patched object compiled
[row 238] database compilation_success=True
[row 240] Pc=b53525eaac55 target=drivers/dma-buf/sw_sync.o config=allyesconfig vars={'HOSTCC': 'gcc-4.7', 'CC': 'gcc-4.7'}
[row 240] FAIL: patched object did not compile
make[1]: Entering directory `/home/ubuntu/.cache/mystique-compile-check/build'
  CHK     include/config/kernel.release
  GEN     ./Makefile
  CHK     include/generated/uapi/linux/version.h
  DESCEND  objtool
  Using /home/ubuntu/.cache/mystique-compile-check/worktree as source for kernel
  CHK     include/generated/utsrelease.h
  CHK     include/generated/timeconst.h
  CHK     include/generated/bounds.h
  CHK     include/generated/asm-offsets.h
  CALL    /home/ubuntu/.cache/mystique-compile-check/worktree/scripts/checksyscalls.sh
  CC      drivers/dma-buf/sw_sync.o
make[1]: Leaving directory `/home/ubuntu/.cache/mystique-compile-check/build'

/home/ubuntu/.cache/mystique-compile-check/worktree/drivers/dma-buf/sw_sync.c: In function 'timeline_fence_signaled':
/home/ubuntu/.cache/mystique-compile-check/worktree/drivers/dma-buf/sw_sync.c:220:5: error: implicit declaration of function '__dma_fence_is_later' [-Werror=implicit-function-declaration]
cc1: some warnings being treated as errors
make[2]: *** [drivers/dma-buf/sw_sync.o] Error 1
make[1]: *** [drivers/dma-buf/sw_sync.o] Error 2
make: *** [sub-make] Error 2
[row 240] database compilation_success=False
[row 242] Pc=9ab30a6529b5 target=drivers/gpu/drm/i915/intel_psr.o config=allyesconfig vars={'HOSTCC': 'gcc-4.7', 'CC': 'gcc-4.7'}
[row 242] PASS: patched object compiled
[row 242] database compilation_success=True
[row 243] Pc=07eae146f5b7 target=sound/soc/codecs/sta32x.o config=allyesconfig vars={'HOSTCC': 'gcc-4.7', 'CC': 'gcc-4.7'}
[row 243] PASS: patched object compiled
[row 243] database compilation_success=True
[row 244] Pc=5c6fe7b6affd target=net/decnet/netfilter/dn_rtmsg.o config=allyesconfig vars={'HOSTCC': 'gcc-4.7', 'CC': 'gcc-4.7'}
[row 244] PASS: patched object compiled
[row 244] database compilation_success=True
[row 246] Pc=4fb228ae24ec target=drivers/usb/serial/io_ti.o config=allyesconfig vars={'HOSTCC': 'gcc-4.7', 'CC': 'gcc-4.7'}
[row 246] PASS: patched object compiled
[row 246] database compilation_success=True
[row 248] Pc=72f157be2f81 target=fs/cifs/smb2pdu.o config=allyesconfig vars={'HOSTCC': 'gcc-4.7', 'CC': 'gcc-4.7'}
[row 248] FAIL: patched object did not compile
make[1]: Entering directory `/home/ubuntu/.cache/mystique-compile-check/build'
  CHK     include/config/kernel.release
  GEN     ./Makefile
  CHK     include/generated/uapi/linux/version.h
  Using /home/ubuntu/.cache/mystique-compile-check/worktree as source for kernel
  CHK     include/generated/utsrelease.h
  CALL    /home/ubuntu/.cache/mystique-compile-check/worktree/scripts/checksyscalls.sh
  CC      fs/cifs/smb2pdu.o

/home/ubuntu/.cache/mystique-compile-check/worktree/fs/cifs/smb2pdu.c: In function 'SMB2_ioctl':
/home/ubuntu/.cache/mystique-compile-check/worktree/fs/cifs/smb2pdu.c:1313:17: error: 'struct smb2_hdr' has no member named 'sync_hdr'
make[2]: *** [fs/cifs/smb2pdu.o] Error 1
make[1]: *** [fs/cifs/smb2pdu.o] Error 2
make: *** [sub-make] Error 2
[row 248] database compilation_success=False
[row 252] Pc=5363fd5fe17a target=fs/ext4/inode.o config=allyesconfig vars={'HOSTCC': 'gcc-4.7', 'CC': 'gcc-4.7'}
[row 252] FAIL: patched object did not compile
make[1]: Entering directory `/home/ubuntu/.cache/mystique-compile-check/build'
  CHK     include/config/kernel.release
  GEN     ./Makefile
  CHK     include/generated/uapi/linux/version.h
  Using /home/ubuntu/.cache/mystique-compile-check/worktree as source for kernel
  CHK     include/generated/utsrelease.h
  CHK     include/generated/bounds.h
  CHK     include/generated/asm-offsets.h
  CALL    /home/ubuntu/.cache/mystique-compile-check/worktree/scripts/checksyscalls.sh
  CC      fs/ext4/inode.o
make[1]: Leaving directory `/home/ubuntu/.cache/mystique-compile-check/build'

/home/ubuntu/.cache/mystique-compile-check/worktree/fs/ext4/inode.c: In function 'ext4_block_truncate_page':
/home/ubuntu/.cache/mystique-compile-check/worktree/fs/ext4/inode.c:3531:5: error: implicit declaration of function 'fscrypt_has_encryption_key' [-Werror=implicit-function-declaration]
cc1: some warnings being treated as errors
make[2]: *** [fs/ext4/inode.o] Error 1
make[1]: *** [fs/ext4/inode.o] Error 2
make: *** [sub-make] Error 2
[row 252] database compilation_success=False
[row 253] Pc=ef9fff760b03 target=net/ipv4/udp.o config=allyesconfig vars={'HOSTCC': 'gcc-4.7', 'CC': 'gcc-4.7'}
[row 253] FAIL: patched object did not compile
make[2]: Nothing to be done for `all'.
  CHK     include/config/kernel.release
  GEN     /home/ubuntu/.cache/mystique-compile-check/build/Makefile
  CHK     include/generated/uapi/linux/version.h
  CHK     include/generated/utsrelease.h
make[2]: Nothing to be done for `relocs'.
  Using /home/ubuntu/.cache/mystique-compile-check/worktree as source for kernel
  CALL    /home/ubuntu/.cache/mystique-compile-check/worktree/scripts/checksyscalls.sh
  CC      net/ipv4/udp.o

/home/ubuntu/.cache/mystique-compile-check/worktree/net/ipv4/udp.c: In function 'udp_v4_early_demux':
/home/ubuntu/.cache/mystique-compile-check/worktree/net/ipv4/udp.c:1951:5: error: implicit declaration of function 'READ_ONCE' [-Werror=implicit-function-declaration]
/home/ubuntu/.cache/mystique-compile-check/worktree/net/ipv4/udp.c:1951:9: warning: assignment makes pointer from integer without a cast [enabled by default]
cc1: some warnings being treated as errors
make[2]: *** [net/ipv4/udp.o] Error 1
make[1]: *** [net/ipv4/udp.o] Error 2
make: *** [sub-make] Error 2
[row 253] database compilation_success=False
[row 254] Pc=d1168c13578d target=net/ipv4/raw.o config=allyesconfig vars={'HOSTCC': 'gcc-4.7', 'CC': 'gcc-4.7'}
[row 254] FAIL: patched object did not compile
make[2]: Nothing to be done for `relocs'.
  GEN     /home/ubuntu/.cache/mystique-compile-check/build/Makefile
  CHK     include/linux/version.h
  Using /home/ubuntu/.cache/mystique-compile-check/worktree as source for kernel
  CHK     include/generated/utsrelease.h
  CALL    /home/ubuntu/.cache/mystique-compile-check/worktree/scripts/checksyscalls.sh
  CC      net/ipv4/raw.o

/home/ubuntu/.cache/mystique-compile-check/worktree/net/ipv4/raw.c: In function 'raw_sendmsg':
/home/ubuntu/.cache/mystique-compile-check/worktree/net/ipv4/raw.c:491:5: error: implicit declaration of function 'READ_ONCE' [-Werror=implicit-function-declaration]
cc1: some warnings being treated as errors
make[2]: *** [net/ipv4/raw.o] Error 1
make[1]: *** [net/ipv4/raw.o] Error 2
make: *** [sub-make] Error 2
[row 254] database compilation_success=False
[row 255] Pc=addb3a32b0ed target=net/sched/sch_fq_codel.o config=allyesconfig vars={'HOSTCC': 'gcc-4.7', 'CC': 'gcc-4.7'}
[row 255] PASS: patched object compiled
[row 255] database compilation_success=True
[row 258] Pc=3ba1945b048a target=crypto/algif_skcipher.o config=allyesconfig vars={'HOSTCC': 'gcc-4.7', 'CC': 'gcc-4.7'}
[row 258] FAIL: patched object did not compile
make[2]: Nothing to be done for `relocs'.
  GEN     /home/ubuntu/.cache/mystique-compile-check/build/Makefile
  CHK     include/linux/version.h
  Using /home/ubuntu/.cache/mystique-compile-check/worktree as source for kernel
  CHK     include/generated/utsrelease.h
  CALL    /home/ubuntu/.cache/mystique-compile-check/worktree/scripts/checksyscalls.sh
  CC      crypto/algif_skcipher.o

/home/ubuntu/.cache/mystique-compile-check/worktree/crypto/algif_skcipher.c: In function 'skcipher_accept_parent':
/home/ubuntu/.cache/mystique-compile-check/worktree/crypto/algif_skcipher.c:761:5: error: implicit declaration of function 'crypto_skcipher_has_setkey' [-Werror=implicit-function-declaration]
cc1: some warnings being treated as errors
make[2]: *** [crypto/algif_skcipher.o] Error 1
make[1]: *** [crypto/algif_skcipher.o] Error 2
make: *** [sub-make] Error 2
[row 258] database compilation_success=False
[row 260] Pc=13eddc67565a target=net/ipv4/inet_connection_sock.o config=allyesconfig vars={'HOSTCC': 'gcc-4.7', 'CC': 'gcc-4.7'}
[row 260] FAIL: patched object did not compile
make[1]: Entering directory `/home/ubuntu/.cache/mystique-compile-check/build'
  CHK     include/config/kernel.release
  GEN     ./Makefile
  CHK     include/generated/uapi/linux/version.h
  Using /home/ubuntu/.cache/mystique-compile-check/worktree as source for kernel
  CHK     include/generated/utsrelease.h
  CHK     include/generated/timeconst.h
  CHK     include/generated/bounds.h
  CHK     include/generated/asm-offsets.h
  CALL    /home/ubuntu/.cache/mystique-compile-check/worktree/scripts/checksyscalls.sh
  CC      net/ipv4/inet_connection_sock.o
make[1]: Leaving directory `/home/ubuntu/.cache/mystique-compile-check/build'

/home/ubuntu/.cache/mystique-compile-check/worktree/net/ipv4/inet_connection_sock.c: In function 'inet_csk_route_req':
/home/ubuntu/.cache/mystique-compile-check/worktree/net/ipv4/inet_connection_sock.c:414:5: error: implicit declaration of function 'refcount_read' [-Werror=implicit-function-declaration]
cc1: some warnings being treated as errors
make[2]: *** [net/ipv4/inet_connection_sock.o] Error 1
make[1]: *** [net/ipv4/inet_connection_sock.o] Error 2
make: *** [sub-make] Error 2
[row 260] database compilation_success=False
[row 263] Pc=41431e402fc4 target=net/packet/af_packet.o config=allyesconfig vars={'HOSTCC': 'gcc-4.7', 'CC': 'gcc-4.7'}
[row 263] FAIL: patched object did not compile
make[2]: Nothing to be done for `relocs'.
  GEN     /home/ubuntu/.cache/mystique-compile-check/build/Makefile
  CHK     include/linux/version.h
  Using /home/ubuntu/.cache/mystique-compile-check/worktree as source for kernel
  CHK     include/generated/utsrelease.h
  CALL    /home/ubuntu/.cache/mystique-compile-check/worktree/scripts/checksyscalls.sh
  CC      net/packet/af_packet.o

/home/ubuntu/.cache/mystique-compile-check/worktree/net/packet/af_packet.c: In function 'packet_rcv_fanout':
/home/ubuntu/.cache/mystique-compile-check/worktree/net/packet/af_packet.c:1212:5: error: implicit declaration of function 'READ_ONCE' [-Werror=implicit-function-declaration]
cc1: some warnings being treated as errors
make[2]: *** [net/packet/af_packet.o] Error 1
make[1]: *** [net/packet/af_packet.o] Error 2
make: *** [sub-make] Error 2
[row 263] database compilation_success=False
[row 266] Pc=9891f6816000 target=fs/overlayfs/dir.o config=allyesconfig vars={'HOSTCC': 'gcc-4.7', 'CC': 'gcc-4.7'}
[row 266] PASS: patched object compiled
[row 266] database compilation_success=True
[row 267] Pc=4b29da8db2b9 target=drivers/gpu/drm/i915/intel_dp.o config=allyesconfig vars={'HOSTCC': 'gcc-4.7', 'CC': 'gcc-4.7'}
[row 267] PASS: patched object compiled
[row 267] database compilation_success=True
[row 269] Pc=5e949a74f0da target=drivers/usb/dwc3/dwc3-pci.o config=allyesconfig vars={'HOSTCC': 'gcc-4.7', 'CC': 'gcc-4.7'}
[row 269] PASS: patched object compiled
[row 269] database compilation_success=True
[row 270] Pc=a8c558205014 target=drivers/pinctrl/pinctrl-imx.o config=allyesconfig vars={'HOSTCC': 'gcc-4.7', 'CC': 'gcc-4.7'}
[row 270] PASS: patched object compiled
[row 270] database compilation_success=True
[row 271] Pc=a3cb38ea147c target=net/sctp/inqueue.o config=allyesconfig vars={'HOSTCC': 'gcc-4.7', 'CC': 'gcc-4.7'}
[row 271] PASS: patched object compiled
[row 271] database compilation_success=True
[row 274] Pc=c512940b28f7 target=drivers/md/dm-crypt.o config=allyesconfig vars={'HOSTCC': 'gcc-4.7', 'CC': 'gcc-4.7'}
[row 274] PASS: patched object compiled
[row 274] database compilation_success=True
[row 275] Pc=5293e74b7d24 target=drivers/gpu/drm/i915/intel_bios.o config=allyesconfig vars={'HOSTCC': 'gcc-4.7', 'CC': 'gcc-4.7'}
[row 275] PASS: patched object compiled
[row 275] database compilation_success=True
[row 276] Pc=56481c2920bb target=drivers/gpio/gpiolib.o config=allyesconfig vars={'HOSTCC': 'gcc-4.7', 'CC': 'gcc-4.7'}
[row 276] PASS: patched object compiled
[row 276] database compilation_success=True
[row 277] Pc=fdfce812d2c6 target=fs/proc/task_mmu.o config=allyesconfig vars={'HOSTCC': 'gcc-4.7', 'CC': 'gcc-4.7'}
[row 277] PASS: patched object compiled
[row 277] database compilation_success=True
[row 282] Pc=173109cffa11 target=net/ipv4/tcp_input.o config=allyesconfig vars={'HOSTCC': 'gcc-4.7', 'CC': 'gcc-4.7'}
[row 282] FAIL: patched object did not compile
make[1]: Entering directory `/home/ubuntu/.cache/mystique-compile-check/build'
  CHK     include/config/kernel.release
  GEN     ./Makefile
  CHK     include/generated/uapi/linux/version.h
  Using /home/ubuntu/.cache/mystique-compile-check/worktree as source for kernel
  CHK     include/generated/utsrelease.h
make[2]: `arch/x86/purgatory/kexec-purgatory.c' is up to date.
  CALL    /home/ubuntu/.cache/mystique-compile-check/worktree/scripts/checksyscalls.sh
  CC      net/ipv4/tcp_input.o
make[1]: Leaving directory `/home/ubuntu/.cache/mystique-compile-check/build'

/home/ubuntu/.cache/mystique-compile-check/worktree/net/ipv4/tcp_input.c: In function 'tcp_rcv_space_adjust':
/home/ubuntu/.cache/mystique-compile-check/worktree/net/ipv4/tcp_input.c:580:13: warning: passing argument 1 of 'tcp_win_from_space' makes integer from pointer without a cast [enabled by default]
In file included from /home/ubuntu/.cache/mystique-compile-check/worktree/net/ipv4/tcp_input.c:73:0:
/home/ubuntu/.cache/mystique-compile-check/worktree/include/net/tcp.h:1100:19: note: expected 'int' but argument is of type 'struct sock *'
/home/ubuntu/.cache/mystique-compile-check/worktree/net/ipv4/tcp_input.c:580:13: error: too many arguments to function 'tcp_win_from_space'
In file included from /home/ubuntu/.cache/mystique-compile-check/worktree/net/ipv4/tcp_input.c:73:0:
/home/ubuntu/.cache/mystique-compile-check/worktree/include/net/tcp.h:1100:19: note: declared here
make[2]: *** [net/ipv4/tcp_input.o] Error 1
make[1]: *** [net/ipv4/tcp_input.o] Error 2
make: *** [sub-make] Error 2
[row 282] database compilation_success=False
[row 285] Pc=9bb86db161a3 target=drivers/md/dm-thin.o config=allyesconfig vars={'HOSTCC': 'gcc-4.7', 'CC': 'gcc-4.7'}
[row 285] PASS: patched object compiled
[row 285] database compilation_success=True
[row 287] Pc=ad0ecc9bf60d target=fs/autofs4/waitq.o config=allyesconfig vars={'HOSTCC': 'gcc-4.7', 'CC': 'gcc-4.7'}
[row 287] PASS: patched object compiled
[row 287] database compilation_success=True
[row 290] Pc=44854a56abe9 target=fs/dcache.o config=allyesconfig vars={'HOSTCC': 'gcc-4.7', 'CC': 'gcc-4.7'}
[row 290] PASS: patched object compiled
[row 290] database compilation_success=True
[row 291] Pc=b243aa88a722 target=arch/x86/kernel/sys_x86_64.o config=allyesconfig vars={'HOSTCC': 'gcc-4.7', 'CC': 'gcc-4.7'}
[row 291] PASS: patched object compiled
[row 291] database compilation_success=True
[row 292] Pc=f6ba44ba3c36 target=drivers/target/iscsi/iscsi_target.o config=allyesconfig vars={'HOSTCC': 'gcc-4.7', 'CC': 'gcc-4.7'}
[row 292] FAIL: patched object did not compile
make[1]: Entering directory `/home/ubuntu/.cache/mystique-compile-check/build'
  CHK     include/config/kernel.release
  GEN     ./Makefile
  CHK     include/generated/uapi/linux/version.h
  Using /home/ubuntu/.cache/mystique-compile-check/worktree as source for kernel
  CHK     include/generated/utsrelease.h
  CALL    /home/ubuntu/.cache/mystique-compile-check/worktree/scripts/checksyscalls.sh
  CC      drivers/target/iscsi/iscsi_target.o

/home/ubuntu/.cache/mystique-compile-check/worktree/drivers/target/iscsi/iscsi_target.c: In function 'iscsit_handle_task_mgt_cmd':
/home/ubuntu/.cache/mystique-compile-check/worktree/drivers/target/iscsi/iscsi_target.c:1877:13: warning: passing argument 1 of 'target_put_sess_cmd' from incompatible pointer type [enabled by default]
In file included from /home/ubuntu/.cache/mystique-compile-check/worktree/drivers/target/iscsi/iscsi_target.c:30:0:
/home/ubuntu/.cache/mystique-compile-check/worktree/include/target/target_core_fabric.h:130:5: note: expected 'struct se_session *' but argument is of type 'struct se_cmd *'
/home/ubuntu/.cache/mystique-compile-check/worktree/drivers/target/iscsi/iscsi_target.c:1877:13: error: too few arguments to function 'target_put_sess_cmd'
In file included from /home/ubuntu/.cache/mystique-compile-check/worktree/drivers/target/iscsi/iscsi_target.c:30:0:
/home/ubuntu/.cache/mystique-compile-check/worktree/include/target/target_core_fabric.h:130:5: note: declared here
make[2]: *** [drivers/target/iscsi/iscsi_target.o] Error 1
make[1]: *** [drivers/target/iscsi/iscsi_target.o] Error 2
make: *** [sub-make] Error 2
[row 292] database compilation_success=False
[row 296] Pc=04f625fc5a68 target=net/ipv4/ip_gre.o config=allyesconfig vars={'HOSTCC': 'gcc-4.7', 'CC': 'gcc-4.7'}
[row 296] FAIL: patched object did not compile
make[1]: Entering directory `/home/ubuntu/.cache/mystique-compile-check/build'
  CHK     include/config/kernel.release
  GEN     ./Makefile
  CHK     include/generated/uapi/linux/version.h
  DESCEND  objtool
  Using /home/ubuntu/.cache/mystique-compile-check/worktree as source for kernel
  CHK     include/generated/utsrelease.h
  CHK     scripts/mod/devicetable-offsets.h
  CHK     include/generated/timeconst.h
  CHK     include/generated/bounds.h
  CHK     include/generated/asm-offsets.h
  CALL    /home/ubuntu/.cache/mystique-compile-check/worktree/scripts/checksyscalls.sh
  CC      net/ipv4/ip_gre.o
make[1]: Leaving directory `/home/ubuntu/.cache/mystique-compile-check/build'

/home/ubuntu/.cache/mystique-compile-check/worktree/net/ipv4/ip_gre.c: In function 'ipgre_err':
/home/ubuntu/.cache/mystique-compile-check/worktree/net/ipv4/ip_gre.c:155:67: error: 'ETH_P_ERSPAN2' undeclared (first use in this function)
/home/ubuntu/.cache/mystique-compile-check/worktree/net/ipv4/ip_gre.c:155:67: note: each undeclared identifier is reported only once for each function it appears in
make[2]: *** [net/ipv4/ip_gre.o] Error 1
make[1]: *** [net/ipv4/ip_gre.o] Error 2
make: *** [sub-make] Error 2
[row 296] database compilation_success=False
[row 299] Pc=a6ca08a07293 target=drivers/phy/phy-twl4030-usb.o config=allyesconfig vars={'HOSTCC': 'gcc-4.7', 'CC': 'gcc-4.7'}
[row 299] PASS: patched object compiled
[row 299] database compilation_success=True
[row 300] Pc=a34207e99ce1 target=fs/proc_namespace.o config=allyesconfig vars={'HOSTCC': 'gcc-4.7', 'CC': 'gcc-4.7'}
[row 300] PASS: patched object compiled
[row 300] database compilation_success=True
[row 302] Pc=c23c045d1700 target=fs/btrfs/super.o config=allyesconfig vars={'HOSTCC': 'gcc-4.7', 'CC': 'gcc-4.7'}
[row 302] FAIL: patched object did not compile
make[1]: Entering directory `/home/ubuntu/.cache/mystique-compile-check/build'
  CHK     include/config/kernel.release
  GEN     ./Makefile
  CHK     include/generated/uapi/linux/version.h
  Using /home/ubuntu/.cache/mystique-compile-check/worktree as source for kernel
  CHK     include/generated/utsrelease.h
  CALL    /home/ubuntu/.cache/mystique-compile-check/worktree/scripts/checksyscalls.sh
  CC      fs/btrfs/super.o

/home/ubuntu/.cache/mystique-compile-check/worktree/fs/btrfs/super.c: In function 'btrfs_remount':
/home/ubuntu/.cache/mystique-compile-check/worktree/fs/btrfs/super.c:1474:9: error: implicit declaration of function 'btrfs_qgroup_rescan_resume' [-Werror=implicit-function-declaration]
cc1: some warnings being treated as errors
make[2]: *** [fs/btrfs/super.o] Error 1
make[1]: *** [fs/btrfs/super.o] Error 2
make: *** [sub-make] Error 2
[row 302] database compilation_success=False
[row 306] Pc=88090a012c06 target=drivers/staging/iio/addac/adt7316.o config=allyesconfig vars={'HOSTCC': 'gcc-4.7', 'CC': 'gcc-4.7'}
[row 306] PASS: patched object compiled
[row 306] database compilation_success=True
[row 316] Pc=f9a0da24705a target=drivers/tty/n_tty.o config=allyesconfig vars={'HOSTCC': 'gcc-4.7', 'CC': 'gcc-4.7'}
[row 316] PASS: patched object compiled
[row 316] database compilation_success=True
[row 317] Pc=91c5e6553af0 target=net/sched/sch_cbq.o config=allyesconfig vars={'HOSTCC': 'gcc-4.7', 'CC': 'gcc-4.7'}
[row 317] FAIL: patched object did not compile
make[1]: Entering directory `/home/ubuntu/.cache/mystique-compile-check/build'
  CHK     include/config/kernel.release
  GEN     ./Makefile
  CHK     include/generated/uapi/linux/version.h
  DESCEND  objtool
  Using /home/ubuntu/.cache/mystique-compile-check/worktree as source for kernel
  CHK     include/generated/utsrelease.h
  CHK     scripts/mod/devicetable-offsets.h
  CHK     include/generated/timeconst.h
  CHK     include/generated/bounds.h
  CHK     include/generated/asm-offsets.h
  CALL    /home/ubuntu/.cache/mystique-compile-check/worktree/scripts/checksyscalls.sh
  CC      net/sched/sch_cbq.o
make[1]: Leaving directory `/home/ubuntu/.cache/mystique-compile-check/build'

/home/ubuntu/.cache/mystique-compile-check/worktree/net/sched/sch_cbq.c: In function 'cbq_init':
/home/ubuntu/.cache/mystique-compile-check/worktree/net/sched/sch_cbq.c:1156:5: error: too many arguments to function 'tcf_block_get'
In file included from /home/ubuntu/.cache/mystique-compile-check/worktree/net/sched/sch_cbq.c:22:0:
/home/ubuntu/.cache/mystique-compile-check/worktree/include/net/pkt_cls.h:28:5: note: declared here
make[2]: *** [net/sched/sch_cbq.o] Error 1
make[1]: *** [net/sched/sch_cbq.o] Error 2
make: *** [sub-make] Error 2
[row 317] database compilation_success=False
[row 321] Pc=9964b4c4ee92 target=net/packet/af_packet.o config=allyesconfig vars={'HOSTCC': 'gcc-4.7', 'CC': 'gcc-4.7'}
[row 321] FAIL: patched object did not compile
make[2]: Nothing to be done for `all'.
  CHK     include/config/kernel.release
  GEN     /home/ubuntu/.cache/mystique-compile-check/build/Makefile
  CHK     include/generated/uapi/linux/version.h
  CHK     include/generated/utsrelease.h
make[2]: Nothing to be done for `relocs'.
  Using /home/ubuntu/.cache/mystique-compile-check/worktree as source for kernel
  CALL    /home/ubuntu/.cache/mystique-compile-check/worktree/scripts/checksyscalls.sh
  CC      net/packet/af_packet.o

/home/ubuntu/.cache/mystique-compile-check/worktree/net/packet/af_packet.c: In function 'tpacket_fill_skb':
/home/ubuntu/.cache/mystique-compile-check/worktree/net/packet/af_packet.c:2059:5: error: implicit declaration of function 'packet_use_direct_xmit' [-Werror=implicit-function-declaration]
cc1: some warnings being treated as errors
make[2]: *** [net/packet/af_packet.o] Error 1
make[1]: *** [net/packet/af_packet.o] Error 2
make: *** [sub-make] Error 2
[row 321] database compilation_success=False
[row 322] Pc=6b59fb520123 target=drivers/media/pci/cx23885/cx23885-dvb.o config=allyesconfig vars={'HOSTCC': 'gcc-4.7', 'CC': 'gcc-4.7'}
[row 322] PASS: patched object compiled
[row 322] database compilation_success=True
[row 325] Pc=f9b9919e59b2 target=fs/btrfs/disk-io.o config=allyesconfig vars={'HOSTCC': 'gcc-4.7', 'CC': 'gcc-4.7'}
[row 325] PASS: patched object compiled
[row 325] database compilation_success=True
[row 331] Pc=09999807edd8 target=fs/ext4/balloc.o config=allyesconfig vars={'HOSTCC': 'gcc-4.7', 'CC': 'gcc-4.7'}
[row 331] PASS: patched object compiled
[row 331] database compilation_success=True
[row 333] Pc=6acfa0b5a8cd target=drivers/misc/altera-stapl/altera.o config=allyesconfig vars={'HOSTCC': 'gcc-4.7', 'CC': 'gcc-4.7'}
[row 333] PASS: patched object compiled
[row 333] database compilation_success=True
[row 334] Pc=a317afc0c1ce target=drivers/usb/musb/musb_dsps.o config=allyesconfig vars={'HOSTCC': 'gcc-4.7', 'CC': 'gcc-4.7'}
[row 334] FAIL: patched object did not compile
make[1]: Entering directory `/home/ubuntu/.cache/mystique-compile-check/build'
  CHK     include/config/kernel.release
  GEN     ./Makefile
  CHK     include/generated/uapi/linux/version.h
  DESCEND  objtool
  Using /home/ubuntu/.cache/mystique-compile-check/worktree as source for kernel
  CHK     include/generated/utsrelease.h
  CHK     include/generated/timeconst.h
  CHK     include/generated/bounds.h
  CHK     include/generated/asm-offsets.h
  CALL    /home/ubuntu/.cache/mystique-compile-check/worktree/scripts/checksyscalls.sh
  CC      drivers/usb/musb/musb_dsps.o
make[1]: Leaving directory `/home/ubuntu/.cache/mystique-compile-check/build'

/home/ubuntu/.cache/mystique-compile-check/worktree/drivers/usb/musb/musb_dsps.c: In function 'dsps_check_status':
/home/ubuntu/.cache/mystique-compile-check/worktree/drivers/usb/musb/musb_dsps.c:208:13: error: implicit declaration of function 'dsps_mod_timer_optional' [-Werror=implicit-function-declaration]
cc1: some warnings being treated as errors
make[2]: *** [drivers/usb/musb/musb_dsps.o] Error 1
make[1]: *** [drivers/usb/musb/musb_dsps.o] Error 2
make: *** [sub-make] Error 2
[row 334] database compilation_success=False
[row 335] Pc=f3963877fbd9 target=drivers/pinctrl/berlin/berlin.o config=allyesconfig vars={'HOSTCC': 'gcc-4.7', 'CC': 'gcc-4.7'}
[row 335] PASS: patched object compiled
[row 335] database compilation_success=True
[row 337] Pc=1c3e006c2a46 target=net/openvswitch/flow_netlink.o config=allyesconfig vars={'HOSTCC': 'gcc-4.7', 'CC': 'gcc-4.7'}
[row 337] FAIL: patched object did not compile
make[1]: Entering directory `/home/ubuntu/.cache/mystique-compile-check/build'
  CHK     include/config/kernel.release
  GEN     ./Makefile
  CHK     include/generated/uapi/linux/version.h
  Using /home/ubuntu/.cache/mystique-compile-check/worktree as source for kernel
  CHK     include/generated/utsrelease.h
  CHK     include/generated/timeconst.h
  CHK     include/generated/bounds.h
  CHK     include/generated/asm-offsets.h
  CALL    /home/ubuntu/.cache/mystique-compile-check/worktree/scripts/checksyscalls.sh
  CC      net/openvswitch/flow_netlink.o
make[1]: Leaving directory `/home/ubuntu/.cache/mystique-compile-check/build'

/home/ubuntu/.cache/mystique-compile-check/worktree/net/openvswitch/flow_netlink.c: In function 'set_action_to_attr':
/home/ubuntu/.cache/mystique-compile-check/worktree/net/openvswitch/flow_netlink.c:2382:9: error: implicit declaration of function 'ip_tun_to_nlattr' [-Werror=implicit-function-declaration]
cc1: some warnings being treated as errors
make[2]: *** [net/openvswitch/flow_netlink.o] Error 1
make[1]: *** [net/openvswitch/flow_netlink.o] Error 2
make: *** [sub-make] Error 2
[row 337] database compilation_success=False
[row 349] Pc=13b23ccfa288 target=drivers/gpu/drm/i915/intel_lspcon.o config=allyesconfig vars={'HOSTCC': 'gcc-4.7', 'CC': 'gcc-4.7'}
[row 349] PASS: patched object compiled
[row 349] database compilation_success=True
[row 350] Pc=de888782c3de target=drivers/rtc/interface.o config=allyesconfig vars={'HOSTCC': 'gcc-4.7', 'CC': 'gcc-4.7'}
[row 350] FAIL: patched object did not compile
make[2]: Nothing to be done for `relocs'.
  GEN     /home/ubuntu/.cache/mystique-compile-check/build/Makefile
  CHK     include/linux/version.h
  Using /home/ubuntu/.cache/mystique-compile-check/worktree as source for kernel
  CHK     include/generated/utsrelease.h
  CALL    /home/ubuntu/.cache/mystique-compile-check/worktree/scripts/checksyscalls.sh
  CC      drivers/rtc/interface.o

/home/ubuntu/.cache/mystique-compile-check/worktree/drivers/rtc/interface.c: In function 'rtc_timer_enqueue':
/home/ubuntu/.cache/mystique-compile-check/worktree/drivers/rtc/interface.c:764:5: error: implicit declaration of function 'ktime_before' [-Werror=implicit-function-declaration]
cc1: some warnings being treated as errors
make[2]: *** [drivers/rtc/interface.o] Error 1
make[1]: *** [drivers/rtc/interface.o] Error 2
make: *** [sub-make] Error 2
[row 350] database compilation_success=False
[summary] passed=166 failed=20 inconclusive=1 db_errors=0